
> e-global-wallet@0.1.0 dev
> next dev

   ▲ Next.js 15.1.12
   - Local:        http://localhost:3000
   - Network:      http://192.168.0.2:3000

 ✓ Starting...
 ✓ Ready in 3s
 ○ Compiling /cpanel ...
 ✓ Compiled /cpanel in 7.5s (1682 modules)
 GET /cpanel 200 in 9488ms
 GET /cpanel 200 in 443ms
 ○ Compiling /api/config ...
 ✓ Compiled /api/config in 4.5s (1690 modules)
[Firebase Admin] Initialized with explicit fallback projectId: e-tech-global-hub
(node:993956) MetadataLookupWarning: received unexpected error = All promises were rejected code = UNKNOWN
(Use `node --trace-warnings ...` to show where the warning was created)
[Error: Could not load the default credentials. Browse to https://cloud.google.com/docs/authentication/getting-started for more information.]
 ⨯ unhandledRejection: [Error: Could not load the default credentials. Browse to https://cloud.google.com/docs/authentication/getting-started for more information.]
 ⨯ unhandledRejection:  [Error: Could not load the default credentials. Browse to https://cloud.google.com/docs/authentication/getting-started for more information.]
 GET /cpanel?mock=true 200 in 3167ms
[Error: Could not load the default credentials. Browse to https://cloud.google.com/docs/authentication/getting-started for more information.]
 ⨯ unhandledRejection: [Error: Could not load the default credentials. Browse to https://cloud.google.com/docs/authentication/getting-started for more information.]
 ⨯ unhandledRejection:  [Error: Could not load the default credentials. Browse to https://cloud.google.com/docs/authentication/getting-started for more information.]
 ○ Compiling /api/admin/auth/session ...
[Error: Could not load the default credentials. Browse to https://cloud.google.com/docs/authentication/getting-started for more information.]
 ⨯ unhandledRejection: [Error: Could not load the default credentials. Browse to https://cloud.google.com/docs/authentication/getting-started for more information.]
 ⨯ unhandledRejection:  [Error: Could not load the default credentials. Browse to https://cloud.google.com/docs/authentication/getting-started for more information.]
 ✓ Compiled /api/admin/auth/session in 895ms (1775 modules)
 GET /api/admin/auth/session 401 in 1151ms
[Error: Could not load the default credentials. Browse to https://cloud.google.com/docs/authentication/getting-started for more information.]
 ⨯ unhandledRejection: [Error: Could not load the default credentials. Browse to https://cloud.google.com/docs/authentication/getting-started for more information.]
 ⨯ unhandledRejection:  [Error: Could not load the default credentials. Browse to https://cloud.google.com/docs/authentication/getting-started for more information.]
 GET /api/admin/auth/session 401 in 15ms
[Error: Could not load the default credentials. Browse to https://cloud.google.com/docs/authentication/getting-started for more information.]
 ⨯ unhandledRejection: [Error: Could not load the default credentials. Browse to https://cloud.google.com/docs/authentication/getting-started for more information.]
 ⨯ unhandledRejection:  [Error: Could not load the default credentials. Browse to https://cloud.google.com/docs/authentication/getting-started for more information.]
[Error: Could not load the default credentials. Browse to https://cloud.google.com/docs/authentication/getting-started for more information.]
 ⨯ unhandledRejection: [Error: Could not load the default credentials. Browse to https://cloud.google.com/docs/authentication/getting-started for more information.]
 ⨯ unhandledRejection:  [Error: Could not load the default credentials. Browse to https://cloud.google.com/docs/authentication/getting-started for more information.]
 ✓ Compiled in 386ms (747 modules)
 GET /cpanel?mock=true 200 in 101ms
[Error: Could not load the default credentials. Browse to https://cloud.google.com/docs/authentication/getting-started for more information.]
 ⨯ unhandledRejection: [Error: Could not load the default credentials. Browse to https://cloud.google.com/docs/authentication/getting-started for more information.]
 ⨯ unhandledRejection:  [Error: Could not load the default credentials. Browse to https://cloud.google.com/docs/authentication/getting-started for more information.]
 ○ Compiling /api/admin/auth/login ...
 ✓ Compiled /api/admin/auth/login in 660ms (1778 modules)
 POST /api/admin/auth/login 200 in 762ms
 ○ Compiling /api/admin/config ...
[Error: Could not load the default credentials. Browse to https://cloud.google.com/docs/authentication/getting-started for more information.]
 ⨯ unhandledRejection: [Error: Could not load the default credentials. Browse to https://cloud.google.com/docs/authentication/getting-started for more information.]
 ⨯ unhandledRejection:  [Error: Could not load the default credentials. Browse to https://cloud.google.com/docs/authentication/getting-started for more information.]
 ✓ Compiled /api/admin/config in 1055ms (1784 modules)
 GET /api/admin/kyc 200 in 1130ms
[Error: Could not load the default credentials. Browse to https://cloud.google.com/docs/authentication/getting-started for more information.]
 ⨯ unhandledRejection: [Error: Could not load the default credentials. Browse to https://cloud.google.com/docs/authentication/getting-started for more information.]
 ⨯ unhandledRejection:  [Error: Could not load the default credentials. Browse to https://cloud.google.com/docs/authentication/getting-started for more information.]
[Public Config API] Error: Could not load the default credentials. Browse to https://cloud.google.com/docs/authentication/getting-started for more information.
Error: Could not load the default credentials. Browse to https://cloud.google.com/docs/authentication/getting-started for more information.
    at get (src/app/api/config/route.ts:6:66)
  4 | export async function GET() {
  5 |   try {
> 6 |     const docSnap = await adminDb.collection("config").doc("app").get();
    |                                                                  ^
  7 |     if (docSnap.exists) {
  8 |       const data = docSnap.data();
  9 |       // Only expose non-privileged visual branding information to public route
 ⨯ unhandledRejection: Error: Could not load the default credentials. Browse to https://cloud.google.com/docs/authentication/getting-started for more information.
    at get (src/app/api/config/route.ts:6:66)
  4 | export async function GET() {
  5 |   try {
> 6 |     const docSnap = await adminDb.collection("config").doc("app").get();
    |                                                                  ^
  7 |     if (docSnap.exists) {
  8 |       const data = docSnap.data();
  9 |       // Only expose non-privileged visual branding information to public route
 ⨯ unhandledRejection:  Error: Could not load the default credentials. Browse to https://cloud.google.com/docs/authentication/getting-started for more information.
    at get (src/app/api/config/route.ts:6:66)
  4 | export async function GET() {
  5 |   try {
> 6 |     const docSnap = await adminDb.collection("config").doc("app").get();
    |                                                                  ^
  7 |     if (docSnap.exists) {
  8 |       const data = docSnap.data();
  9 |       // Only expose non-privileged visual branding information to public route
Error: Could not load the default credentials. Browse to https://cloud.google.com/docs/authentication/getting-started for more information.
    at get (src/app/api/config/route.ts:6:66)
  4 | export async function GET() {
  5 |   try {
> 6 |     const docSnap = await adminDb.collection("config").doc("app").get();
    |                                                                  ^
  7 |     if (docSnap.exists) {
  8 |       const data = docSnap.data();
  9 |       // Only expose non-privileged visual branding information to public route
 ⨯ unhandledRejection: Error: Could not load the default credentials. Browse to https://cloud.google.com/docs/authentication/getting-started for more information.
    at get (src/app/api/config/route.ts:6:66)
  4 | export async function GET() {
  5 |   try {
> 6 |     const docSnap = await adminDb.collection("config").doc("app").get();
    |                                                                  ^
  7 |     if (docSnap.exists) {
  8 |       const data = docSnap.data();
  9 |       // Only expose non-privileged visual branding information to public route
 ⨯ unhandledRejection:  Error: Could not load the default credentials. Browse to https://cloud.google.com/docs/authentication/getting-started for more information.
    at get (src/app/api/config/route.ts:6:66)
  4 | export async function GET() {
  5 |   try {
> 6 |     const docSnap = await adminDb.collection("config").doc("app").get();
    |                                                                  ^
  7 |     if (docSnap.exists) {
  8 |       const data = docSnap.data();
  9 |       // Only expose non-privileged visual branding information to public route
 GET /api/admin/kyc 200 in 349ms
Error: Could not load the default credentials. Browse to https://cloud.google.com/docs/authentication/getting-started for more information.
    at get (src/app/api/config/route.ts:6:66)
  4 | export async function GET() {
  5 |   try {
> 6 |     const docSnap = await adminDb.collection("config").doc("app").get();
    |                                                                  ^
  7 |     if (docSnap.exists) {
  8 |       const data = docSnap.data();
  9 |       // Only expose non-privileged visual branding information to public route
 ⨯ unhandledRejection: Error: Could not load the default credentials. Browse to https://cloud.google.com/docs/authentication/getting-started for more information.
    at get (src/app/api/config/route.ts:6:66)
  4 | export async function GET() {
  5 |   try {
> 6 |     const docSnap = await adminDb.collection("config").doc("app").get();
    |                                                                  ^
  7 |     if (docSnap.exists) {
  8 |       const data = docSnap.data();
  9 |       // Only expose non-privileged visual branding information to public route
 ⨯ unhandledRejection:  Error: Could not load the default credentials. Browse to https://cloud.google.com/docs/authentication/getting-started for more information.
    at get (src/app/api/config/route.ts:6:66)
  4 | export async function GET() {
  5 |   try {
> 6 |     const docSnap = await adminDb.collection("config").doc("app").get();
    |                                                                  ^
  7 |     if (docSnap.exists) {
  8 |       const data = docSnap.data();
  9 |       // Only expose non-privileged visual branding information to public route
[Public Config API] Error: Could not load the default credentials. Browse to https://cloud.google.com/docs/authentication/getting-started for more information.
 GET /api/config 500 in 8451ms
Error: Could not load the default credentials. Browse to https://cloud.google.com/docs/authentication/getting-started for more information.
    at get (src/app/api/config/route.ts:6:66)
    at get (src/app/api/config/route.ts:6:66)
  4 | export async function GET() {
  5 |   try {
> 6 |     const docSnap = await adminDb.collection("config").doc("app").get();
    |                                                                  ^
  7 |     if (docSnap.exists) {
  8 |       const data = docSnap.data();
  9 |       // Only expose non-privileged visual branding information to public route
 ⨯ unhandledRejection: Error: Could not load the default credentials. Browse to https://cloud.google.com/docs/authentication/getting-started for more information.
    at get (src/app/api/config/route.ts:6:66)
    at get (src/app/api/config/route.ts:6:66)
  4 | export async function GET() {
  5 |   try {
> 6 |     const docSnap = await adminDb.collection("config").doc("app").get();
    |                                                                  ^
  7 |     if (docSnap.exists) {
  8 |       const data = docSnap.data();
  9 |       // Only expose non-privileged visual branding information to public route
 ⨯ unhandledRejection:  Error: Could not load the default credentials. Browse to https://cloud.google.com/docs/authentication/getting-started for more information.
    at get (src/app/api/config/route.ts:6:66)
    at get (src/app/api/config/route.ts:6:66)
  4 | export async function GET() {
  5 |   try {
> 6 |     const docSnap = await adminDb.collection("config").doc("app").get();
    |                                                                  ^
  7 |     if (docSnap.exists) {
  8 |       const data = docSnap.data();
  9 |       // Only expose non-privileged visual branding information to public route
 ✓ Compiled in 1427ms (747 modules)
 GET /cpanel?mock=true 200 in 379ms
 ✓ Compiled in 425ms (747 modules)
 GET /cpanel?mock=true 200 in 40ms
 GET /api/admin/config 200 in 4799ms
 ✓ Compiled in 273ms (747 modules)
Error: Could not load the default credentials. Browse to https://cloud.google.com/docs/authentication/getting-started for more information.
    at get (src/app/api/config/route.ts:6:66)
    at get (src/app/api/config/route.ts:6:66)
  4 | export async function GET() {
  5 |   try {
> 6 |     const docSnap = await adminDb.collection("config").doc("app").get();
    |                                                                  ^
  7 |     if (docSnap.exists) {
  8 |       const data = docSnap.data();
  9 |       // Only expose non-privileged visual branding information to public route
 ⨯ unhandledRejection: Error: Could not load the default credentials. Browse to https://cloud.google.com/docs/authentication/getting-started for more information.
    at get (src/app/api/config/route.ts:6:66)
    at get (src/app/api/config/route.ts:6:66)
  4 | export async function GET() {
  5 |   try {
> 6 |     const docSnap = await adminDb.collection("config").doc("app").get();
    |                                                                  ^
  7 |     if (docSnap.exists) {
  8 |       const data = docSnap.data();
  9 |       // Only expose non-privileged visual branding information to public route
 ⨯ unhandledRejection:  Error: Could not load the default credentials. Browse to https://cloud.google.com/docs/authentication/getting-started for more information.
    at get (src/app/api/config/route.ts:6:66)
    at get (src/app/api/config/route.ts:6:66)
  4 | export async function GET() {
  5 |   try {
> 6 |     const docSnap = await adminDb.collection("config").doc("app").get();
    |                                                                  ^
  7 |     if (docSnap.exists) {
  8 |       const data = docSnap.data();
  9 |       // Only expose non-privileged visual branding information to public route
[Admin Config GET API] Error: Could not load the default credentials. Browse to https://cloud.google.com/docs/authentication/getting-started for more information.
Error: Could not load the default credentials. Browse to https://cloud.google.com/docs/authentication/getting-started for more information.
    at get (src/app/api/config/route.ts:6:66)
    at get (src/app/api/config/route.ts:6:66)
    at get (src/app/api/admin/config/route.ts:12:66)
  4 | export async function GET() {
  5 |   try {
> 6 |     const docSnap = await adminDb.collection("config").doc("app").get();
    |                                                                  ^
  7 |     if (docSnap.exists) {
  8 |       const data = docSnap.data();
  9 |       // Only expose non-privileged visual branding information to public route
 ⨯ unhandledRejection: Error: Could not load the default credentials. Browse to https://cloud.google.com/docs/authentication/getting-started for more information.
    at get (src/app/api/config/route.ts:6:66)
    at get (src/app/api/config/route.ts:6:66)
    at get (src/app/api/admin/config/route.ts:12:66)
  4 | export async function GET() {
  5 |   try {
> 6 |     const docSnap = await adminDb.collection("config").doc("app").get();
    |                                                                  ^
  7 |     if (docSnap.exists) {
  8 |       const data = docSnap.data();
  9 |       // Only expose non-privileged visual branding information to public route
 ⨯ unhandledRejection:  Error: Could not load the default credentials. Browse to https://cloud.google.com/docs/authentication/getting-started for more information.
    at get (src/app/api/config/route.ts:6:66)
    at get (src/app/api/config/route.ts:6:66)
    at get (src/app/api/admin/config/route.ts:12:66)
  4 | export async function GET() {
  5 |   try {
> 6 |     const docSnap = await adminDb.collection("config").doc("app").get();
    |                                                                  ^
  7 |     if (docSnap.exists) {
  8 |       const data = docSnap.data();
  9 |       // Only expose non-privileged visual branding information to public route
 ✓ Compiled in 13.6s (1683 modules)
 GET /cpanel 200 in 1105ms
 ✓ Compiled in 702ms (747 modules)
 GET /cpanel?mock=true 200 in 44ms
 ○ Compiling /api/config ...
 ✓ Compiled /api/config in 784ms (1040 modules)
 ✓ Compiled (1042 modules)
 GET /api/admin/auth/session 401 in 1213ms
Error: Could not load the default credentials. Browse to https://cloud.google.com/docs/authentication/getting-started for more information.
    at get (src/app/api/config/route.ts:6:66)
    at get (src/app/api/config/route.ts:6:66)
    at get (src/app/api/admin/config/route.ts:12:66)
  4 | export async function GET() {
  5 |   try {
> 6 |     const docSnap = await adminDb.collection("config").doc("app").get();
    |                                                                  ^
  7 |     if (docSnap.exists) {
  8 |       const data = docSnap.data();
  9 |       // Only expose non-privileged visual branding information to public route
 ⨯ unhandledRejection: Error: Could not load the default credentials. Browse to https://cloud.google.com/docs/authentication/getting-started for more information.
    at get (src/app/api/config/route.ts:6:66)
    at get (src/app/api/config/route.ts:6:66)
    at get (src/app/api/admin/config/route.ts:12:66)
  4 | export async function GET() {
  5 |   try {
> 6 |     const docSnap = await adminDb.collection("config").doc("app").get();
    |                                                                  ^
  7 |     if (docSnap.exists) {
  8 |       const data = docSnap.data();
  9 |       // Only expose non-privileged visual branding information to public route
 ⨯ unhandledRejection:  Error: Could not load the default credentials. Browse to https://cloud.google.com/docs/authentication/getting-started for more information.
    at get (src/app/api/config/route.ts:6:66)
    at get (src/app/api/config/route.ts:6:66)
    at get (src/app/api/admin/config/route.ts:12:66)
  4 | export async function GET() {
  5 |   try {
> 6 |     const docSnap = await adminDb.collection("config").doc("app").get();
    |                                                                  ^
  7 |     if (docSnap.exists) {
  8 |       const data = docSnap.data();
  9 |       // Only expose non-privileged visual branding information to public route
 GET /api/admin/auth/session 401 in 500ms
 GET /cpanel?mock=true 200 in 1936ms
 GET /api/config 200 in 1782ms
Error: Could not load the default credentials. Browse to https://cloud.google.com/docs/authentication/getting-started for more information.
    at get (src/app/api/config/route.ts:6:66)
    at get (src/app/api/config/route.ts:6:66)
    at get (src/app/api/admin/config/route.ts:12:66)
  4 | export async function GET() {
  5 |   try {
> 6 |     const docSnap = await adminDb.collection("config").doc("app").get();
    |                                                                  ^
  7 |     if (docSnap.exists) {
  8 |       const data = docSnap.data();
  9 |       // Only expose non-privileged visual branding information to public route
 ⨯ unhandledRejection: Error: Could not load the default credentials. Browse to https://cloud.google.com/docs/authentication/getting-started for more information.
    at get (src/app/api/config/route.ts:6:66)
    at get (src/app/api/config/route.ts:6:66)
    at get (src/app/api/admin/config/route.ts:12:66)
  4 | export async function GET() {
  5 |   try {
> 6 |     const docSnap = await adminDb.collection("config").doc("app").get();
    |                                                                  ^
  7 |     if (docSnap.exists) {
  8 |       const data = docSnap.data();
  9 |       // Only expose non-privileged visual branding information to public route
 ⨯ unhandledRejection:  Error: Could not load the default credentials. Browse to https://cloud.google.com/docs/authentication/getting-started for more information.
    at get (src/app/api/config/route.ts:6:66)
    at get (src/app/api/config/route.ts:6:66)
    at get (src/app/api/admin/config/route.ts:12:66)
  4 | export async function GET() {
  5 |   try {
> 6 |     const docSnap = await adminDb.collection("config").doc("app").get();
    |                                                                  ^
  7 |     if (docSnap.exists) {
  8 |       const data = docSnap.data();
  9 |       // Only expose non-privileged visual branding information to public route
 GET /api/admin/auth/session 401 in 127ms
Error: Could not load the default credentials. Browse to https://cloud.google.com/docs/authentication/getting-started for more information.
    at get (src/app/api/config/route.ts:6:66)
    at get (src/app/api/config/route.ts:6:66)
    at get (src/app/api/admin/config/route.ts:12:66)
  4 | export async function GET() {
  5 |   try {
> 6 |     const docSnap = await adminDb.collection("config").doc("app").get();
    |                                                                  ^
  7 |     if (docSnap.exists) {
  8 |       const data = docSnap.data();
  9 |       // Only expose non-privileged visual branding information to public route
 ⨯ unhandledRejection: Error: Could not load the default credentials. Browse to https://cloud.google.com/docs/authentication/getting-started for more information.
    at get (src/app/api/config/route.ts:6:66)
    at get (src/app/api/config/route.ts:6:66)
    at get (src/app/api/admin/config/route.ts:12:66)
  4 | export async function GET() {
  5 |   try {
> 6 |     const docSnap = await adminDb.collection("config").doc("app").get();
    |                                                                  ^
  7 |     if (docSnap.exists) {
  8 |       const data = docSnap.data();
  9 |       // Only expose non-privileged visual branding information to public route
 ⨯ unhandledRejection:  Error: Could not load the default credentials. Browse to https://cloud.google.com/docs/authentication/getting-started for more information.
    at get (src/app/api/config/route.ts:6:66)
    at get (src/app/api/config/route.ts:6:66)
    at get (src/app/api/admin/config/route.ts:12:66)
  4 | export async function GET() {
  5 |   try {
> 6 |     const docSnap = await adminDb.collection("config").doc("app").get();
    |                                                                  ^
  7 |     if (docSnap.exists) {
  8 |       const data = docSnap.data();
  9 |       // Only expose non-privileged visual branding information to public route
 GET /api/admin/auth/session 401 in 405ms
 ✓ Compiled in 524ms (747 modules)
 GET /cpanel?mock=true 200 in 37ms
Error: Could not load the default credentials. Browse to https://cloud.google.com/docs/authentication/getting-started for more information.
    at get (src/app/api/config/route.ts:6:66)
    at get (src/app/api/config/route.ts:6:66)
    at get (src/app/api/admin/config/route.ts:12:66)
  4 | export async function GET() {
  5 |   try {
> 6 |     const docSnap = await adminDb.collection("config").doc("app").get();
    |                                                                  ^
  7 |     if (docSnap.exists) {
  8 |       const data = docSnap.data();
  9 |       // Only expose non-privileged visual branding information to public route
 ⨯ unhandledRejection: Error: Could not load the default credentials. Browse to https://cloud.google.com/docs/authentication/getting-started for more information.
    at get (src/app/api/config/route.ts:6:66)
    at get (src/app/api/config/route.ts:6:66)
    at get (src/app/api/admin/config/route.ts:12:66)
  4 | export async function GET() {
  5 |   try {
> 6 |     const docSnap = await adminDb.collection("config").doc("app").get();
    |                                                                  ^
  7 |     if (docSnap.exists) {
  8 |       const data = docSnap.data();
  9 |       // Only expose non-privileged visual branding information to public route
 ⨯ unhandledRejection:  Error: Could not load the default credentials. Browse to https://cloud.google.com/docs/authentication/getting-started for more information.
    at get (src/app/api/config/route.ts:6:66)
    at get (src/app/api/config/route.ts:6:66)
    at get (src/app/api/admin/config/route.ts:12:66)
  4 | export async function GET() {
  5 |   try {
> 6 |     const docSnap = await adminDb.collection("config").doc("app").get();
    |                                                                  ^
  7 |     if (docSnap.exists) {
  8 |       const data = docSnap.data();
  9 |       // Only expose non-privileged visual branding information to public route
Error: Could not load the default credentials. Browse to https://cloud.google.com/docs/authentication/getting-started for more information.
    at get (src/app/api/config/route.ts:6:66)
    at get (src/app/api/config/route.ts:6:66)
    at get (src/app/api/admin/config/route.ts:12:66)
  4 | export async function GET() {
  5 |   try {
> 6 |     const docSnap = await adminDb.collection("config").doc("app").get();
    |                                                                  ^
  7 |     if (docSnap.exists) {
  8 |       const data = docSnap.data();
  9 |       // Only expose non-privileged visual branding information to public route
 ⨯ unhandledRejection: Error: Could not load the default credentials. Browse to https://cloud.google.com/docs/authentication/getting-started for more information.
    at get (src/app/api/config/route.ts:6:66)
    at get (src/app/api/config/route.ts:6:66)
    at get (src/app/api/admin/config/route.ts:12:66)
  4 | export async function GET() {
  5 |   try {
> 6 |     const docSnap = await adminDb.collection("config").doc("app").get();
    |                                                                  ^
  7 |     if (docSnap.exists) {
  8 |       const data = docSnap.data();
  9 |       // Only expose non-privileged visual branding information to public route
 ⨯ unhandledRejection:  Error: Could not load the default credentials. Browse to https://cloud.google.com/docs/authentication/getting-started for more information.
    at get (src/app/api/config/route.ts:6:66)
    at get (src/app/api/config/route.ts:6:66)
    at get (src/app/api/admin/config/route.ts:12:66)
  4 | export async function GET() {
  5 |   try {
> 6 |     const docSnap = await adminDb.collection("config").doc("app").get();
    |                                                                  ^
  7 |     if (docSnap.exists) {
  8 |       const data = docSnap.data();
  9 |       // Only expose non-privileged visual branding information to public route
 ✓ Compiled /api/admin/auth/login in 326ms (1045 modules)
 POST /api/admin/auth/login 200 in 458ms
Error: Could not load the default credentials. Browse to https://cloud.google.com/docs/authentication/getting-started for more information.
    at get (src/app/api/config/route.ts:6:66)
    at get (src/app/api/config/route.ts:6:66)
    at get (src/app/api/admin/config/route.ts:12:66)
  4 | export async function GET() {
  5 |   try {
> 6 |     const docSnap = await adminDb.collection("config").doc("app").get();
    |                                                                  ^
  7 |     if (docSnap.exists) {
  8 |       const data = docSnap.data();
  9 |       // Only expose non-privileged visual branding information to public route
 ⨯ unhandledRejection: Error: Could not load the default credentials. Browse to https://cloud.google.com/docs/authentication/getting-started for more information.
    at get (src/app/api/config/route.ts:6:66)
    at get (src/app/api/config/route.ts:6:66)
    at get (src/app/api/admin/config/route.ts:12:66)
  4 | export async function GET() {
  5 |   try {
> 6 |     const docSnap = await adminDb.collection("config").doc("app").get();
    |                                                                  ^
  7 |     if (docSnap.exists) {
  8 |       const data = docSnap.data();
  9 |       // Only expose non-privileged visual branding information to public route
 ⨯ unhandledRejection:  Error: Could not load the default credentials. Browse to https://cloud.google.com/docs/authentication/getting-started for more information.
    at get (src/app/api/config/route.ts:6:66)
    at get (src/app/api/config/route.ts:6:66)
    at get (src/app/api/admin/config/route.ts:12:66)
  4 | export async function GET() {
  5 |   try {
> 6 |     const docSnap = await adminDb.collection("config").doc("app").get();
    |                                                                  ^
  7 |     if (docSnap.exists) {
  8 |       const data = docSnap.data();
  9 |       // Only expose non-privileged visual branding information to public route
 ○ Compiling /api/admin/config ...
 ✓ Compiled /api/admin/config in 1043ms (1049 modules)
 ✓ Compiled (1051 modules)
 GET /api/admin/kyc 200 in 1321ms
Error: Could not load the default credentials. Browse to https://cloud.google.com/docs/authentication/getting-started for more information.
    at get (src/app/api/config/route.ts:6:66)
    at get (src/app/api/config/route.ts:6:66)
    at get (src/app/api/admin/config/route.ts:12:66)
  4 | export async function GET() {
  5 |   try {
> 6 |     const docSnap = await adminDb.collection("config").doc("app").get();
    |                                                                  ^
  7 |     if (docSnap.exists) {
  8 |       const data = docSnap.data();
  9 |       // Only expose non-privileged visual branding information to public route
 ⨯ unhandledRejection: Error: Could not load the default credentials. Browse to https://cloud.google.com/docs/authentication/getting-started for more information.
    at get (src/app/api/config/route.ts:6:66)
    at get (src/app/api/config/route.ts:6:66)
    at get (src/app/api/admin/config/route.ts:12:66)
  4 | export async function GET() {
  5 |   try {
> 6 |     const docSnap = await adminDb.collection("config").doc("app").get();
    |                                                                  ^
  7 |     if (docSnap.exists) {
  8 |       const data = docSnap.data();
  9 |       // Only expose non-privileged visual branding information to public route
 ⨯ unhandledRejection:  Error: Could not load the default credentials. Browse to https://cloud.google.com/docs/authentication/getting-started for more information.
    at get (src/app/api/config/route.ts:6:66)
    at get (src/app/api/config/route.ts:6:66)
    at get (src/app/api/admin/config/route.ts:12:66)
  4 | export async function GET() {
  5 |   try {
> 6 |     const docSnap = await adminDb.collection("config").doc("app").get();
    |                                                                  ^
  7 |     if (docSnap.exists) {
  8 |       const data = docSnap.data();
  9 |       // Only expose non-privileged visual branding information to public route
Error: Could not load the default credentials. Browse to https://cloud.google.com/docs/authentication/getting-started for more information.
    at get (src/app/api/config/route.ts:6:66)
    at get (src/app/api/config/route.ts:6:66)
    at get (src/app/api/admin/config/route.ts:12:66)
  4 | export async function GET() {
  5 |   try {
> 6 |     const docSnap = await adminDb.collection("config").doc("app").get();
    |                                                                  ^
  7 |     if (docSnap.exists) {
  8 |       const data = docSnap.data();
  9 |       // Only expose non-privileged visual branding information to public route
 ⨯ unhandledRejection: Error: Could not load the default credentials. Browse to https://cloud.google.com/docs/authentication/getting-started for more information.
    at get (src/app/api/config/route.ts:6:66)
    at get (src/app/api/config/route.ts:6:66)
    at get (src/app/api/admin/config/route.ts:12:66)
  4 | export async function GET() {
  5 |   try {
> 6 |     const docSnap = await adminDb.collection("config").doc("app").get();
    |                                                                  ^
  7 |     if (docSnap.exists) {
  8 |       const data = docSnap.data();
  9 |       // Only expose non-privileged visual branding information to public route
 ⨯ unhandledRejection:  Error: Could not load the default credentials. Browse to https://cloud.google.com/docs/authentication/getting-started for more information.
    at get (src/app/api/config/route.ts:6:66)
    at get (src/app/api/config/route.ts:6:66)
    at get (src/app/api/admin/config/route.ts:12:66)
  4 | export async function GET() {
  5 |   try {
> 6 |     const docSnap = await adminDb.collection("config").doc("app").get();
    |                                                                  ^
  7 |     if (docSnap.exists) {
  8 |       const data = docSnap.data();
  9 |       // Only expose non-privileged visual branding information to public route
Error: Could not load the default credentials. Browse to https://cloud.google.com/docs/authentication/getting-started for more information.
    at get (src/app/api/config/route.ts:6:66)
    at get (src/app/api/config/route.ts:6:66)
    at get (src/app/api/admin/config/route.ts:12:66)
  4 | export async function GET() {
  5 |   try {
> 6 |     const docSnap = await adminDb.collection("config").doc("app").get();
    |                                                                  ^
  7 |     if (docSnap.exists) {
  8 |       const data = docSnap.data();
  9 |       // Only expose non-privileged visual branding information to public route
 ⨯ unhandledRejection: Error: Could not load the default credentials. Browse to https://cloud.google.com/docs/authentication/getting-started for more information.
    at get (src/app/api/config/route.ts:6:66)
    at get (src/app/api/config/route.ts:6:66)
    at get (src/app/api/admin/config/route.ts:12:66)
  4 | export async function GET() {
  5 |   try {
> 6 |     const docSnap = await adminDb.collection("config").doc("app").get();
    |                                                                  ^
  7 |     if (docSnap.exists) {
  8 |       const data = docSnap.data();
  9 |       // Only expose non-privileged visual branding information to public route
 ⨯ unhandledRejection:  Error: Could not load the default credentials. Browse to https://cloud.google.com/docs/authentication/getting-started for more information.
    at get (src/app/api/config/route.ts:6:66)
    at get (src/app/api/config/route.ts:6:66)
    at get (src/app/api/admin/config/route.ts:12:66)
  4 | export async function GET() {
  5 |   try {
> 6 |     const docSnap = await adminDb.collection("config").doc("app").get();
    |                                                                  ^
  7 |     if (docSnap.exists) {
  8 |       const data = docSnap.data();
  9 |       // Only expose non-privileged visual branding information to public route
Error: Could not load the default credentials. Browse to https://cloud.google.com/docs/authentication/getting-started for more information.
    at get (src/app/api/config/route.ts:6:66)
    at get (src/app/api/config/route.ts:6:66)
    at get (src/app/api/admin/config/route.ts:12:66)
  4 | export async function GET() {
  5 |   try {
> 6 |     const docSnap = await adminDb.collection("config").doc("app").get();
    |                                                                  ^
  7 |     if (docSnap.exists) {
  8 |       const data = docSnap.data();
  9 |       // Only expose non-privileged visual branding information to public route
 ⨯ unhandledRejection: Error: Could not load the default credentials. Browse to https://cloud.google.com/docs/authentication/getting-started for more information.
    at get (src/app/api/config/route.ts:6:66)
    at get (src/app/api/config/route.ts:6:66)
    at get (src/app/api/admin/config/route.ts:12:66)
  4 | export async function GET() {
  5 |   try {
> 6 |     const docSnap = await adminDb.collection("config").doc("app").get();
    |                                                                  ^
  7 |     if (docSnap.exists) {
  8 |       const data = docSnap.data();
  9 |       // Only expose non-privileged visual branding information to public route
 ⨯ unhandledRejection:  Error: Could not load the default credentials. Browse to https://cloud.google.com/docs/authentication/getting-started for more information.
    at get (src/app/api/config/route.ts:6:66)
    at get (src/app/api/config/route.ts:6:66)
    at get (src/app/api/admin/config/route.ts:12:66)
  4 | export async function GET() {
  5 |   try {
> 6 |     const docSnap = await adminDb.collection("config").doc("app").get();
    |                                                                  ^
  7 |     if (docSnap.exists) {
  8 |       const data = docSnap.data();
  9 |       // Only expose non-privileged visual branding information to public route
 GET /api/admin/kyc 200 in 47ms
 ✓ Compiled in 411ms (747 modules)
 GET /cpanel?mock=true 200 in 102ms
Error: Could not load the default credentials. Browse to https://cloud.google.com/docs/authentication/getting-started for more information.
    at get (src/app/api/config/route.ts:6:66)
    at get (src/app/api/config/route.ts:6:66)
    at get (src/app/api/admin/config/route.ts:12:66)
  4 | export async function GET() {
  5 |   try {
> 6 |     const docSnap = await adminDb.collection("config").doc("app").get();
    |                                                                  ^
  7 |     if (docSnap.exists) {
  8 |       const data = docSnap.data();
  9 |       // Only expose non-privileged visual branding information to public route
 ⨯ unhandledRejection: Error: Could not load the default credentials. Browse to https://cloud.google.com/docs/authentication/getting-started for more information.
    at get (src/app/api/config/route.ts:6:66)
    at get (src/app/api/config/route.ts:6:66)
    at get (src/app/api/admin/config/route.ts:12:66)
  4 | export async function GET() {
  5 |   try {
> 6 |     const docSnap = await adminDb.collection("config").doc("app").get();
    |                                                                  ^
  7 |     if (docSnap.exists) {
  8 |       const data = docSnap.data();
  9 |       // Only expose non-privileged visual branding information to public route
 ⨯ unhandledRejection:  Error: Could not load the default credentials. Browse to https://cloud.google.com/docs/authentication/getting-started for more information.
    at get (src/app/api/config/route.ts:6:66)
    at get (src/app/api/config/route.ts:6:66)
    at get (src/app/api/admin/config/route.ts:12:66)
  4 | export async function GET() {
  5 |   try {
> 6 |     const docSnap = await adminDb.collection("config").doc("app").get();
    |                                                                  ^
  7 |     if (docSnap.exists) {
  8 |       const data = docSnap.data();
  9 |       // Only expose non-privileged visual branding information to public route
[Public Config API] Error: Could not load the default credentials. Browse to https://cloud.google.com/docs/authentication/getting-started for more information.
Error: Could not load the default credentials. Browse to https://cloud.google.com/docs/authentication/getting-started for more information.
    at get (src/app/api/config/route.ts:6:66)
    at get (src/app/api/config/route.ts:6:66)
    at get (src/app/api/admin/config/route.ts:12:66)
    at get (src/app/api/config/route.ts:6:66)
  4 | export async function GET() {
  5 |   try {
> 6 |     const docSnap = await adminDb.collection("config").doc("app").get();
    |                                                                  ^
  7 |     if (docSnap.exists) {
  8 |       const data = docSnap.data();
  9 |       // Only expose non-privileged visual branding information to public route
 ⨯ unhandledRejection: Error: Could not load the default credentials. Browse to https://cloud.google.com/docs/authentication/getting-started for more information.
    at get (src/app/api/config/route.ts:6:66)
    at get (src/app/api/config/route.ts:6:66)
    at get (src/app/api/admin/config/route.ts:12:66)
    at get (src/app/api/config/route.ts:6:66)
  4 | export async function GET() {
  5 |   try {
> 6 |     const docSnap = await adminDb.collection("config").doc("app").get();
    |                                                                  ^
  7 |     if (docSnap.exists) {
  8 |       const data = docSnap.data();
  9 |       // Only expose non-privileged visual branding information to public route
 ⨯ unhandledRejection:  Error: Could not load the default credentials. Browse to https://cloud.google.com/docs/authentication/getting-started for more information.
    at get (src/app/api/config/route.ts:6:66)
    at get (src/app/api/config/route.ts:6:66)
    at get (src/app/api/admin/config/route.ts:12:66)
    at get (src/app/api/config/route.ts:6:66)
  4 | export async function GET() {
  5 |   try {
> 6 |     const docSnap = await adminDb.collection("config").doc("app").get();
    |                                                                  ^
  7 |     if (docSnap.exists) {
  8 |       const data = docSnap.data();
  9 |       // Only expose non-privileged visual branding information to public route
 GET /api/admin/config 200 in 4917ms
 GET /api/config 200 in 6550ms
 ✓ Compiled in 271ms (747 modules)
Error: Could not load the default credentials. Browse to https://cloud.google.com/docs/authentication/getting-started for more information.
    at get (src/app/api/config/route.ts:6:66)
    at get (src/app/api/config/route.ts:6:66)
    at get (src/app/api/admin/config/route.ts:12:66)
    at get (src/app/api/config/route.ts:6:66)
  4 | export async function GET() {
  5 |   try {
> 6 |     const docSnap = await adminDb.collection("config").doc("app").get();
    |                                                                  ^
  7 |     if (docSnap.exists) {
  8 |       const data = docSnap.data();
  9 |       // Only expose non-privileged visual branding information to public route
 ⨯ unhandledRejection: Error: Could not load the default credentials. Browse to https://cloud.google.com/docs/authentication/getting-started for more information.
    at get (src/app/api/config/route.ts:6:66)
    at get (src/app/api/config/route.ts:6:66)
    at get (src/app/api/admin/config/route.ts:12:66)
    at get (src/app/api/config/route.ts:6:66)
  4 | export async function GET() {
  5 |   try {
> 6 |     const docSnap = await adminDb.collection("config").doc("app").get();
    |                                                                  ^
  7 |     if (docSnap.exists) {
  8 |       const data = docSnap.data();
  9 |       // Only expose non-privileged visual branding information to public route
 ⨯ unhandledRejection:  Error: Could not load the default credentials. Browse to https://cloud.google.com/docs/authentication/getting-started for more information.
    at get (src/app/api/config/route.ts:6:66)
    at get (src/app/api/config/route.ts:6:66)
    at get (src/app/api/admin/config/route.ts:12:66)
    at get (src/app/api/config/route.ts:6:66)
  4 | export async function GET() {
  5 |   try {
> 6 |     const docSnap = await adminDb.collection("config").doc("app").get();
    |                                                                  ^
  7 |     if (docSnap.exists) {
  8 |       const data = docSnap.data();
  9 |       // Only expose non-privileged visual branding information to public route
[Public Config API] Error: Could not load the default credentials. Browse to https://cloud.google.com/docs/authentication/getting-started for more information.
Error: Could not load the default credentials. Browse to https://cloud.google.com/docs/authentication/getting-started for more information.
    at get (src/app/api/config/route.ts:6:66)
    at get (src/app/api/config/route.ts:6:66)
    at get (src/app/api/admin/config/route.ts:12:66)
    at get (src/app/api/config/route.ts:6:66)
    at get (src/app/api/config/route.ts:6:66)
  4 | export async function GET() {
  5 |   try {
> 6 |     const docSnap = await adminDb.collection("config").doc("app").get();
    |                                                                  ^
  7 |     if (docSnap.exists) {
  8 |       const data = docSnap.data();
  9 |       // Only expose non-privileged visual branding information to public route
 ⨯ unhandledRejection: Error: Could not load the default credentials. Browse to https://cloud.google.com/docs/authentication/getting-started for more information.
    at get (src/app/api/config/route.ts:6:66)
    at get (src/app/api/config/route.ts:6:66)
    at get (src/app/api/admin/config/route.ts:12:66)
    at get (src/app/api/config/route.ts:6:66)
    at get (src/app/api/config/route.ts:6:66)
  4 | export async function GET() {
  5 |   try {
> 6 |     const docSnap = await adminDb.collection("config").doc("app").get();
    |                                                                  ^
  7 |     if (docSnap.exists) {
  8 |       const data = docSnap.data();
  9 |       // Only expose non-privileged visual branding information to public route
 ⨯ unhandledRejection:  Error: Could not load the default credentials. Browse to https://cloud.google.com/docs/authentication/getting-started for more information.
    at get (src/app/api/config/route.ts:6:66)
    at get (src/app/api/config/route.ts:6:66)
    at get (src/app/api/admin/config/route.ts:12:66)
    at get (src/app/api/config/route.ts:6:66)
    at get (src/app/api/config/route.ts:6:66)
  4 | export async function GET() {
  5 |   try {
> 6 |     const docSnap = await adminDb.collection("config").doc("app").get();
    |                                                                  ^
  7 |     if (docSnap.exists) {
  8 |       const data = docSnap.data();
  9 |       // Only expose non-privileged visual branding information to public route
[Admin Config GET API] Error: Could not load the default credentials. Browse to https://cloud.google.com/docs/authentication/getting-started for more information.
Error: Could not load the default credentials. Browse to https://cloud.google.com/docs/authentication/getting-started for more information.
    at get (src/app/api/config/route.ts:6:66)
    at get (src/app/api/config/route.ts:6:66)
    at get (src/app/api/admin/config/route.ts:12:66)
    at get (src/app/api/config/route.ts:6:66)
    at get (src/app/api/config/route.ts:6:66)
    at get (src/app/api/admin/config/route.ts:12:66)
  4 | export async function GET() {
  5 |   try {
> 6 |     const docSnap = await adminDb.collection("config").doc("app").get();
    |                                                                  ^
  7 |     if (docSnap.exists) {
  8 |       const data = docSnap.data();
  9 |       // Only expose non-privileged visual branding information to public route
 ⨯ unhandledRejection: Error: Could not load the default credentials. Browse to https://cloud.google.com/docs/authentication/getting-started for more information.
    at get (src/app/api/config/route.ts:6:66)
    at get (src/app/api/config/route.ts:6:66)
    at get (src/app/api/admin/config/route.ts:12:66)
    at get (src/app/api/config/route.ts:6:66)
    at get (src/app/api/config/route.ts:6:66)
    at get (src/app/api/admin/config/route.ts:12:66)
  4 | export async function GET() {
  5 |   try {
> 6 |     const docSnap = await adminDb.collection("config").doc("app").get();
    |                                                                  ^
  7 |     if (docSnap.exists) {
  8 |       const data = docSnap.data();
  9 |       // Only expose non-privileged visual branding information to public route
 ⨯ unhandledRejection:  Error: Could not load the default credentials. Browse to https://cloud.google.com/docs/authentication/getting-started for more information.
    at get (src/app/api/config/route.ts:6:66)
    at get (src/app/api/config/route.ts:6:66)
    at get (src/app/api/admin/config/route.ts:12:66)
    at get (src/app/api/config/route.ts:6:66)
    at get (src/app/api/config/route.ts:6:66)
    at get (src/app/api/admin/config/route.ts:12:66)
  4 | export async function GET() {
  5 |   try {
> 6 |     const docSnap = await adminDb.collection("config").doc("app").get();
    |                                                                  ^
  7 |     if (docSnap.exists) {
  8 |       const data = docSnap.data();
  9 |       // Only expose non-privileged visual branding information to public route
