
> e-global-wallet@0.1.0 start
> next start

   ▲ Next.js 15.1.12
   - Local:        http://localhost:3000
   - Network:      http://192.168.0.2:3000

 ✓ Starting...
 ✓ Ready in 602ms
[Firebase Admin] Initialized with explicit fallback projectId: e-tech-global-hub
(node:255529) MetadataLookupWarning: received unexpected error = All promises were rejected code = UNKNOWN
(Use `node --trace-warnings ...` to show where the warning was created)
[Error: Could not load the default credentials. Browse to https://cloud.google.com/docs/authentication/getting-started for more information.]
 ⨯ unhandledRejection:  [Error: Could not load the default credentials. Browse to https://cloud.google.com/docs/authentication/getting-started for more information.]
[Error: Could not load the default credentials. Browse to https://cloud.google.com/docs/authentication/getting-started for more information.]
 ⨯ unhandledRejection:  [Error: Could not load the default credentials. Browse to https://cloud.google.com/docs/authentication/getting-started for more information.]
[Error: Could not load the default credentials. Browse to https://cloud.google.com/docs/authentication/getting-started for more information.]
 ⨯ unhandledRejection:  [Error: Could not load the default credentials. Browse to https://cloud.google.com/docs/authentication/getting-started for more information.]
[Error: Could not load the default credentials. Browse to https://cloud.google.com/docs/authentication/getting-started for more information.]
 ⨯ unhandledRejection:  [Error: Could not load the default credentials. Browse to https://cloud.google.com/docs/authentication/getting-started for more information.]
[Error: Could not load the default credentials. Browse to https://cloud.google.com/docs/authentication/getting-started for more information.]
 ⨯ unhandledRejection:  [Error: Could not load the default credentials. Browse to https://cloud.google.com/docs/authentication/getting-started for more information.]
[Error: Could not load the default credentials. Browse to https://cloud.google.com/docs/authentication/getting-started for more information.]
 ⨯ unhandledRejection:  [Error: Could not load the default credentials. Browse to https://cloud.google.com/docs/authentication/getting-started for more information.]
[Error: Could not load the default credentials. Browse to https://cloud.google.com/docs/authentication/getting-started for more information.]
 ⨯ unhandledRejection:  [Error: Could not load the default credentials. Browse to https://cloud.google.com/docs/authentication/getting-started for more information.]
[Error: Could not load the default credentials. Browse to https://cloud.google.com/docs/authentication/getting-started for more information.]
 ⨯ unhandledRejection:  [Error: Could not load the default credentials. Browse to https://cloud.google.com/docs/authentication/getting-started for more information.]
[Error: Could not load the default credentials. Browse to https://cloud.google.com/docs/authentication/getting-started for more information.]
 ⨯ unhandledRejection:  [Error: Could not load the default credentials. Browse to https://cloud.google.com/docs/authentication/getting-started for more information.]
[Error: Could not load the default credentials. Browse to https://cloud.google.com/docs/authentication/getting-started for more information.]
 ⨯ unhandledRejection:  [Error: Could not load the default credentials. Browse to https://cloud.google.com/docs/authentication/getting-started for more information.]
[Error: Could not load the default credentials. Browse to https://cloud.google.com/docs/authentication/getting-started for more information.]
 ⨯ unhandledRejection:  [Error: Could not load the default credentials. Browse to https://cloud.google.com/docs/authentication/getting-started for more information.]
[Error: Could not load the default credentials. Browse to https://cloud.google.com/docs/authentication/getting-started for more information.]
 ⨯ unhandledRejection:  [Error: Could not load the default credentials. Browse to https://cloud.google.com/docs/authentication/getting-started for more information.]
[Public Config API] Error: Could not load the default credentials. Browse to https://cloud.google.com/docs/authentication/getting-started for more information.
[Error: Could not load the default credentials. Browse to https://cloud.google.com/docs/authentication/getting-started for more information.]
 ⨯ unhandledRejection:  [Error: Could not load the default credentials. Browse to https://cloud.google.com/docs/authentication/getting-started for more information.]
[Public Config API] Error: Could not load the default credentials. Browse to https://cloud.google.com/docs/authentication/getting-started for more information.
[Error: Could not load the default credentials. Browse to https://cloud.google.com/docs/authentication/getting-started for more information.]
 ⨯ unhandledRejection:  [Error: Could not load the default credentials. Browse to https://cloud.google.com/docs/authentication/getting-started for more information.]
[Public Config API] Error: Could not load the default credentials. Browse to https://cloud.google.com/docs/authentication/getting-started for more information.
[Error: Could not load the default credentials. Browse to https://cloud.google.com/docs/authentication/getting-started for more information.]
 ⨯ unhandledRejection:  [Error: Could not load the default credentials. Browse to https://cloud.google.com/docs/authentication/getting-started for more information.]
